<?xml version='1.0' encoding='utf-8'?>
<testsuites tests="6" failures="1" errors="0" skipped="0" time="17.947"><testsuite name="Root Suite" timestamp="2023-05-23T11:10:10" tests="0" file="cypress\e2e\Features\inputFormSubmit\inputFormSubmit.feature" time="0" failures="0" errors="0" skipped="0">
  </testsuite>
  <testsuite name="[Submitting forms]" timestamp="2023-05-23T11:10:10" tests="1" time="0.0" failures="1" errors="0" skipped="0">
    <testcase name="[Submitting forms] The user submits a valid form" time="0.000" classname="The user submits a valid form">
      <failure message="Timed out retrying after 4000ms: expected '&lt;p.success-msg.hidden&gt;' to contain 'Thanks for contacting us,fe we will get back to you shortly.'" type="AssertionError">AssertionError: Timed out retrying after 4000ms: expected '&lt;p.success-msg.hidden&gt;' to contain 'Thanks for contacting us,fe we will get back to you shortly.'
    at inputForm.assertSubmit (cypress/POM/inputFormSubmit.js:42:32)
    at Context.eval (cypress/e2e/stepDefinitions/steps.js:22:23)
    at Context.resolveAndRunStepDefinition (node_modules/cypress-cucumber-preprocessor/lib/resolveStepDefinition.js:193:0)
    at Context.eval (node_modules/cypress-cucumber-preprocessor/lib/createTestFromScenario.js:27:0)</failure>
    </testcase>
  </testsuite>
<testsuite name="Root Suite" timestamp="2023-05-23T11:09:51" tests="0" file="cypress\e2e\Features\checkboxDemo\singleCheckbox.feature" time="0" failures="0" errors="0" skipped="0">
  </testsuite>
  <testsuite name="[Checkbox]" timestamp="2023-05-23T11:09:51" tests="1" time="6.102" failures="0" errors="0" skipped="0">
    <testcase name="[Checkbox] The user checks the checkbox" time="6.102" classname="The user checks the checkbox">
    </testcase>
  </testsuite>
<testsuite name="Root Suite" timestamp="2023-05-23T11:10:57" tests="0" file="cypress\e2e\Features\simpleFormDemo\twoInputFields.feature" time="0" failures="0" errors="0" skipped="0">
  </testsuite>
  <testsuite name="[Sum Two Input Fields]" timestamp="2023-05-23T11:10:57" tests="2" time="5.955" failures="0" errors="0" skipped="0">
    <testcase name="[Sum Two Input Fields] The user inputs two numbers and clicks the button" time="4.283" classname="The user inputs two numbers and clicks the button">
    </testcase>
    <testcase name="[Sum Two Input Fields] The user inputs two symbols and clicks the button" time="1.672" classname="The user inputs two symbols and clicks the button">
    </testcase>
  </testsuite>
<testsuite name="Root Suite" timestamp="2023-05-23T11:10:37" tests="0" file="cypress\e2e\Features\simpleFormDemo\singleInputField.feature" time="0" failures="0" errors="0" skipped="0">
  </testsuite>
  <testsuite name="[Single Input Field]" timestamp="2023-05-23T11:10:37" tests="2" time="5.89" failures="0" errors="0" skipped="0">
    <testcase name="[Single Input Field] The user inputs a message and clicks the button" time="4.609" classname="The user inputs a message and clicks the button">
    </testcase>
    <testcase name="[Single Input Field] The user inputs a message" time="1.281" classname="The user inputs a message">
    </testcase>
  </testsuite>
</testsuites>